../Drivers/CMSIS/Include/core_cm4.h:2064:26:ITM_SendChar	16	static,ignoring_inline_asm
../Core/Src/main.c:77:7:mpu9250read_xacc	40	static
../Core/Src/main.c:96:6:microDelay	16	static
../Core/Src/main.c:107:5:main	80	static
../Core/Src/main.c:197:6:SystemClock_Config	88	static
../Core/Src/main.c:245:13:MX_I2C1_Init	8	static
../Core/Src/main.c:279:13:MX_SPI2_Init	8	static
../Core/Src/main.c:317:13:MX_TIM1_Init	32	static
../Core/Src/main.c:363:13:MX_USART2_UART_Init	8	static
../Core/Src/main.c:396:13:MX_GPIO_Init	48	static
../Core/Src/main.c:440:5:_write	32	static
../Core/Src/main.c:456:6:Error_Handler	4	static,ignoring_inline_asm
