../Drivers/CMSIS/Include/core_cm4.h:2064:26:ITM_SendChar	16	static,ignoring_inline_asm
../Core/Src/main.c:72:7:mpu9250read_xacc	40	static
../Core/Src/main.c:94:5:main	72	static
../Core/Src/main.c:170:6:SystemClock_Config	88	static
../Core/Src/main.c:218:13:MX_I2C1_Init	8	static
../Core/Src/main.c:252:13:MX_SPI2_Init	8	static
../Core/Src/main.c:290:13:MX_USART2_UART_Init	8	static
../Core/Src/main.c:323:13:MX_GPIO_Init	48	static
../Core/Src/main.c:357:5:_write	32	static
../Core/Src/main.c:375:6:Error_Handler	4	static,ignoring_inline_asm
