15:19:56 **** Incremental Build of configuration Debug for project Blinky ****
make -j16 all 
arm-none-eabi-size  Blinky.elf 
   text	   data	    bss	    dec	    hex	filename
  17180	    104	   2152	  19436	   4bec	Blinky.elf
Finished building: default.size.stdout
 
15:20:04 **** Incremental Build of configuration Debug for project Blinky ****
make -j16 all 
arm-none-eabi-size  Blinky.elf 
   text	   data	    bss	    dec	    hex	filename
  17180	    104	   2152	  19436	   4bec	Blinky.elf
Finished building: default.size.stdout
 
15:22:06 **** Incremental Build of configuration Debug for project Blinky ****
make -j16 all 
arm-none-eabi-gcc "../Core/Src/main.c" -mcpu=cortex-m4 -std=gnu11 -g3 -DDEBUG -DUSE_HAL_DRIVER -DSTM32F446xx -c -I../Core/Inc -I../Drivers/STM32F4xx_HAL_Driver/Inc -I../Drivers/STM32F4xx_HAL_Driver/Inc/Legacy -I../Drivers/CMSIS/Device/ST/STM32F4xx/Include -I../Drivers/CMSIS/Include -O0 -ffunction-sections -fdata-sections -Wall -fstack-usage -fcyclomatic-complexity -MMD -MP -MF"Core/Src/main.d" -MT"Core/Src/main.o" --specs=nano.specs -mfpu=fpv4-sp-d16 -mfloat-abi=hard -mthumb -o "Core/Src/main.o"
arm-none-eabi-gcc -o "Blinky.elf" @"objects.list"   -mcpu=cortex-m4 -T"C:\Users\sragh\Documents\stm32projects\learningembeddedc\Blinky\STM32F446RETX_FLASH.ld" --specs=nosys.specs -Wl,-Map="Blinky.map" -Wl,--gc-sections -static --specs=nano.specs -mfpu=fpv4-sp-d16 -mfloat-abi=hard -mthumb -Wl,--start-group -lc -lm -Wl,--end-group
Finished building target: Blinky.elf
 
arm-none-eabi-size  Blinky.elf 
arm-none-eabi-objdump -h -S Blinky.elf  > "Blinky.list"
   text	   data	    bss	    dec	    hex	filename
  17180	    104	   2152	  19436	   4bec	Blinky.elf
Finished building: default.size.stdout
 
Finished building: Blinky.list
 
15:24:10 **** Incremental Build of configuration Debug for project Blinky ****
make -j16 all 
arm-none-eabi-gcc "../Core/Src/mpu9250.c" -mcpu=cortex-m4 -std=gnu11 -g3 -DDEBUG -DUSE_HAL_DRIVER -DSTM32F446xx -c -I../Core/Inc -I../Drivers/STM32F4xx_HAL_Driver/Inc -I../Drivers/STM32F4xx_HAL_Driver/Inc/Legacy -I../Drivers/CMSIS/Device/ST/STM32F4xx/Include -I../Drivers/CMSIS/Include -O0 -ffunction-sections -fdata-sections -Wall -fstack-usage -fcyclomatic-complexity -MMD -MP -MF"Core/Src/mpu9250.d" -MT"Core/Src/mpu9250.o" --specs=nano.specs -mfpu=fpv4-sp-d16 -mfloat-abi=hard -mthumb -o "Core/Src/mpu9250.o"
../Core/Src/mpu9250.c: In function 'mpu9250read':
../Core/Src/mpu9250.c:87:16: error: 'x_ac9c' undeclared (first use in this function); did you mean 'x_acc'?
   87 |         return x_ac9c;
      |                ^~~~~~
      |                x_acc
../Core/Src/mpu9250.c:87:16: note: each undeclared identifier is reported only once for each function it appears in
../Core/Src/mpu9250.c:84:17: warning: unused variable 'x_acc' [-Wunused-variable]
   84 |         int16_t x_acc = ((int16_t)data[0] <<8) | data[1];
      |                 ^~~~~
../Core/Src/mpu9250.c:90:1: warning: control reaches end of non-void function [-Wreturn-type]
   90 | }
      | ^
make: *** [Core/Src/subdir.mk:37: Core/Src/mpu9250.o] Error 1
"make -j16 all" terminated with exit code 2. Build might be incomplete.
15:24:19 **** Incremental Build of configuration Debug for project Blinky ****
make -j16 all 
arm-none-eabi-gcc "../Core/Src/mpu9250.c" -mcpu=cortex-m4 -std=gnu11 -g3 -DDEBUG -DUSE_HAL_DRIVER -DSTM32F446xx -c -I../Core/Inc -I../Drivers/STM32F4xx_HAL_Driver/Inc -I../Drivers/STM32F4xx_HAL_Driver/Inc/Legacy -I../Drivers/CMSIS/Device/ST/STM32F4xx/Include -I../Drivers/CMSIS/Include -O0 -ffunction-sections -fdata-sections -Wall -fstack-usage -fcyclomatic-complexity -MMD -MP -MF"Core/Src/mpu9250.d" -MT"Core/Src/mpu9250.o" --specs=nano.specs -mfpu=fpv4-sp-d16 -mfloat-abi=hard -mthumb -o "Core/Src/mpu9250.o"
arm-none-eabi-gcc -o "Blinky.elf" @"objects.list"   -mcpu=cortex-m4 -T"C:\Users\sragh\Documents\stm32projects\learningembeddedc\Blinky\STM32F446RETX_FLASH.ld" --specs=nosys.specs -Wl,-Map="Blinky.map" -Wl,--gc-sections -static --specs=nano.specs -mfpu=fpv4-sp-d16 -mfloat-abi=hard -mthumb -Wl,--start-group -lc -lm -Wl,--end-group
Finished building target: Blinky.elf
 
arm-none-eabi-size  Blinky.elf 
arm-none-eabi-objdump -h -S Blinky.elf  > "Blinky.list"
   text	   data	    bss	    dec	    hex	filename
  17180	    104	   2152	  19436	   4bec	Blinky.elf
Finished building: default.size.stdout
 
Finished building: Blinky.list
 
15:25:09 **** Incremental Build of configuration Debug for project Blinky ****
make -j16 all 
arm-none-eabi-gcc "../Core/Src/main.c" -mcpu=cortex-m4 -std=gnu11 -g3 -DDEBUG -DUSE_HAL_DRIVER -DSTM32F446xx -c -I../Core/Inc -I../Drivers/STM32F4xx_HAL_Driver/Inc -I../Drivers/STM32F4xx_HAL_Driver/Inc/Legacy -I../Drivers/CMSIS/Device/ST/STM32F4xx/Include -I../Drivers/CMSIS/Include -O0 -ffunction-sections -fdata-sections -Wall -fstack-usage -fcyclomatic-complexity -MMD -MP -MF"Core/Src/main.d" -MT"Core/Src/main.o" --specs=nano.specs -mfpu=fpv4-sp-d16 -mfloat-abi=hard -mthumb -o "Core/Src/main.o"
arm-none-eabi-gcc -o "Blinky.elf" @"objects.list"   -mcpu=cortex-m4 -T"C:\Users\sragh\Documents\stm32projects\learningembeddedc\Blinky\STM32F446RETX_FLASH.ld" --specs=nosys.specs -Wl,-Map="Blinky.map" -Wl,--gc-sections -static --specs=nano.specs -mfpu=fpv4-sp-d16 -mfloat-abi=hard -mthumb -Wl,--start-group -lc -lm -Wl,--end-group
Finished building target: Blinky.elf
 
arm-none-eabi-size  Blinky.elf 
arm-none-eabi-objdump -h -S Blinky.elf  > "Blinky.list"
   text	   data	    bss	    dec	    hex	filename
  17180	    104	   2152	  19436	   4bec	Blinky.elf
Finished building: default.size.stdout
 
Finished building: Blinky.list
 
15:25:18 **** Incremental Build of configuration Debug for project Blinky ****
make -j16 all 
arm-none-eabi-size  Blinky.elf 
   text	   data	    bss	    dec	    hex	filename
  17180	    104	   2152	  19436	   4bec	Blinky.elf
Finished building: default.size.stdout
 
15:42:48 **** Incremental Build of configuration Debug for project Blinky ****
make -j16 all 
arm-none-eabi-size  Blinky.elf 
   text	   data	    bss	    dec	    hex	filename
  17180	    104	   2152	  19436	   4bec	Blinky.elf
Finished building: default.size.stdout
 
15:43:24 **** Incremental Build of configuration Debug for project Blinky ****
make -j16 all 
arm-none-eabi-size  Blinky.elf 
   text	   data	    bss	    dec	    hex	filename
  17180	    104	   2152	  19436	   4bec	Blinky.elf
Finished building: default.size.stdout
 
15:44:07 **** Incremental Build of configuration Debug for project Blinky ****
make -j16 all 
arm-none-eabi-gcc "../Core/Src/main.c" -mcpu=cortex-m4 -std=gnu11 -g3 -DDEBUG -DUSE_HAL_DRIVER -DSTM32F446xx -c -I../Core/Inc -I../Drivers/STM32F4xx_HAL_Driver/Inc -I../Drivers/STM32F4xx_HAL_Driver/Inc/Legacy -I../Drivers/CMSIS/Device/ST/STM32F4xx/Include -I../Drivers/CMSIS/Include -O0 -ffunction-sections -fdata-sections -Wall -fstack-usage -fcyclomatic-complexity -MMD -MP -MF"Core/Src/main.d" -MT"Core/Src/main.o" --specs=nano.specs -mfpu=fpv4-sp-d16 -mfloat-abi=hard -mthumb -o "Core/Src/main.o"
../Core/Src/main.c: In function 'main':
../Core/Src/main.c:82:13: warning: unused variable 'x_acc' [-Wunused-variable]
   82 |         int x_acc = 0;
      |             ^~~~~
arm-none-eabi-gcc -o "Blinky.elf" @"objects.list"   -mcpu=cortex-m4 -T"C:\Users\sragh\Documents\stm32projects\learningembeddedc\Blinky\STM32F446RETX_FLASH.ld" --specs=nosys.specs -Wl,-Map="Blinky.map" -Wl,--gc-sections -static --specs=nano.specs -mfpu=fpv4-sp-d16 -mfloat-abi=hard -mthumb -Wl,--start-group -lc -lm -Wl,--end-group
Finished building target: Blinky.elf
 
arm-none-eabi-size  Blinky.elf 
arm-none-eabi-objdump -h -S Blinky.elf  > "Blinky.list"
   text	   data	    bss	    dec	    hex	filename
  17184	    104	   2152	  19440	   4bf0	Blinky.elf
Finished building: default.size.stdout
 
Finished building: Blinky.list
 
15:44:55 **** Incremental Build of configuration Debug for project Blinky ****
make -j16 all 
arm-none-eabi-gcc "../Core/Src/main.c" -mcpu=cortex-m4 -std=gnu11 -g3 -DDEBUG -DUSE_HAL_DRIVER -DSTM32F446xx -c -I../Core/Inc -I../Drivers/STM32F4xx_HAL_Driver/Inc -I../Drivers/STM32F4xx_HAL_Driver/Inc/Legacy -I../Drivers/CMSIS/Device/ST/STM32F4xx/Include -I../Drivers/CMSIS/Include -O0 -ffunction-sections -fdata-sections -Wall -fstack-usage -fcyclomatic-complexity -MMD -MP -MF"Core/Src/main.d" -MT"Core/Src/main.o" --specs=nano.specs -mfpu=fpv4-sp-d16 -mfloat-abi=hard -mthumb -o "Core/Src/main.o"
arm-none-eabi-gcc -o "Blinky.elf" @"objects.list"   -mcpu=cortex-m4 -T"C:\Users\sragh\Documents\stm32projects\learningembeddedc\Blinky\STM32F446RETX_FLASH.ld" --specs=nosys.specs -Wl,-Map="Blinky.map" -Wl,--gc-sections -static --specs=nano.specs -mfpu=fpv4-sp-d16 -mfloat-abi=hard -mthumb -Wl,--start-group -lc -lm -Wl,--end-group
Finished building target: Blinky.elf
 
arm-none-eabi-size  Blinky.elf 
arm-none-eabi-objdump -h -S Blinky.elf  > "Blinky.list"
   text	   data	    bss	    dec	    hex	filename
  17176	    104	   2152	  19432	   4be8	Blinky.elf
Finished building: default.size.stdout
 
Finished building: Blinky.list
 
15:45:07 **** Incremental Build of configuration Debug for project Blinky ****
make -j16 all 
arm-none-eabi-size  Blinky.elf 
   text	   data	    bss	    dec	    hex	filename
  17176	    104	   2152	  19432	   4be8	Blinky.elf
Finished building: default.size.stdout
 
15:45:13 **** Incremental Build of configuration Debug for project Blinky ****
make -j16 all 
arm-none-eabi-size  Blinky.elf 
   text	   data	    bss	    dec	    hex	filename
  17176	    104	   2152	  19432	   4be8	Blinky.elf
Finished building: default.size.stdout
 
15:47:35 **** Incremental Build of configuration Debug for project Blinky ****
make -j16 all 
arm-none-eabi-size  Blinky.elf 
   text	   data	    bss	    dec	    hex	filename
  17176	    104	   2152	  19432	   4be8	Blinky.elf
Finished building: default.size.stdout
 
15:48:08 **** Incremental Build of configuration Debug for project Blinky ****
make -j16 all 
arm-none-eabi-size  Blinky.elf 
   text	   data	    bss	    dec	    hex	filename
  17176	    104	   2152	  19432	   4be8	Blinky.elf
Finished building: default.size.stdout
 
15:51:34 **** Incremental Build of configuration Debug for project Blinky ****
make -j16 all 
arm-none-eabi-gcc "../Core/Src/main.c" -mcpu=cortex-m4 -std=gnu11 -g3 -DDEBUG -DUSE_HAL_DRIVER -DSTM32F446xx -c -I../Core/Inc -I../Drivers/STM32F4xx_HAL_Driver/Inc -I../Drivers/STM32F4xx_HAL_Driver/Inc/Legacy -I../Drivers/CMSIS/Device/ST/STM32F4xx/Include -I../Drivers/CMSIS/Include -O0 -ffunction-sections -fdata-sections -Wall -fstack-usage -fcyclomatic-complexity -MMD -MP -MF"Core/Src/main.d" -MT"Core/Src/main.o" --specs=nano.specs -mfpu=fpv4-sp-d16 -mfloat-abi=hard -mthumb -o "Core/Src/main.o"
arm-none-eabi-gcc -o "Blinky.elf" @"objects.list"   -mcpu=cortex-m4 -T"C:\Users\sragh\Documents\stm32projects\learningembeddedc\Blinky\STM32F446RETX_FLASH.ld" --specs=nosys.specs -Wl,-Map="Blinky.map" -Wl,--gc-sections -static --specs=nano.specs -mfpu=fpv4-sp-d16 -mfloat-abi=hard -mthumb -Wl,--start-group -lc -lm -Wl,--end-group
Finished building target: Blinky.elf
 
arm-none-eabi-size  Blinky.elf 
arm-none-eabi-objdump -h -S Blinky.elf  > "Blinky.list"
   text	   data	    bss	    dec	    hex	filename
  17176	    104	   2152	  19432	   4be8	Blinky.elf
Finished building: default.size.stdout
 
Finished building: Blinky.list
 
